=~=~=~=~=~=~=~=~=~=~=~= PuTTY log 2026.09.17 17:45:26 =~=~=~=~=~=~=~=~=~=~=~=
249000,0,11264.94,22.37,10666.09,23.57,11308.14,22.28
250000,0,11263.56,22.37,10667.34,23.57,11309.09,22.28
251000,0,11264.17,22.37,10667.86,23.56,11309.89,22.28
252000,0,11264.75,22.37,10668.51,23.56,11310.89,22.28
# Heater is now turned ON
254741,1741,11266.49,22.36,10670.52,23.56,11312.08,22.27
254808,808,11265.63,22.36,10669.63,23.56,11310.25,22.28
255000,0,11265.63,22.36,10670.73,23.56,11312.52,22.27
256457,457,11265.82,22.36,10669.95,23.56,11314.30,22.27
257000,0,11267.26,22.36,10671.04,23.56,11311.89,22.27
258000,0,11268.03,22.36,10671.12,23.56,11313.16,22.27
259000,0,11267.12,22.36,10670.99,23.56,11311.50,22.28
260000,0,11267.40,22.36,10671.17,23.56,11305.84,22.29
261000,0,11266.21,22.36,10671.69,23.56,11295.21,22.31
262000,0,11266.46,22.36,10671.07,23.56,11280.88,22.33
263000,0,11265.38,22.36,10670.60,23.56,11262.95,22.37
264000,0,11262.54,22.37,10669.61,23.56,11240.29,22.41
265000,0,11260.47,22.37,10668.12,23.56,11214.41,22.46
266000,0,11260.30,22.37,10665.46,23.57,11185.31,22.52
267000,0,11255.07,22.39,10662.93,23.57,11154.34,22.58
268000,0,11253.13,22.39,10658.09,23.58,11122.27,22.65
269000,0,11252.83,22.39,10652.46,23.60,11085.89,22.72
270000,0,11250.68,22.39,10645.96,23.61,11044.05,22.80
271000,0,11249.69,22.40,10637.04,23.63,11002.50,22.88
272000,0,11244.65,22.41,10626.93,23.65,10961.55,22.97
273000,0,11242.44,22.41,10616.67,23.67,10919.74,23.05
274000,0,11238.61,22.42,10604.51,23.70,10878.87,23.13
275000,0,11236.14,22.42,10593.17,23.72,10837.50,23.22
276000,0,11223.32,22.45,10580.00,23.75,10797.71,23.30
277000,0,11219.66,22.45,10566.96,23.77,10757.37,23.38
278000,0,11214.58,22.46,10554.88,23.80,10715.79,23.47
279000,0,11212.16,22.47,10541.61,23.83,10674.41,23.55
280000,0,11203.92,22.48,10526.65,23.86,10633.63,23.64
281000,0,11199.84,22.49,10511.34,23.89,10595.42,23.72
282000,0,11194.84,22.50,10497.04,23.92,10554.78,23.80
283000,0,11190.49,22.51,10481.90,23.95,10509.28,23.90
284000,0,11177.04,22.54,10465.04,23.99,10467.26,23.98
285000,0,11169.32,22.55,10448.18,24.02,10428.80,24.07
286000,0,11161.80,22.57,10431.55,24.06,10389.95,24.15
287000,0,11154.04,22.58,10413.78,24.10,10351.25,24.23
288000,0,11145.03,22.60,10396.12,24.14,10314.28,24.31
289000,0,11135.18,22.62,10378.89,24.17,10279.83,24.39
290000,0,11126.68,22.64,10360.63,24.21,10244.27,24.46
291000,0,11118.13,22.65,10343.44,24.25,10208.58,24.54
292000,0,11108.55,22.67,10326.02,24.29,10172.66,24.62
293000,0,11090.42,22.71,10307.51,24.33,10134.82,24.70
294000,0,11080.36,22.73,10288.97,24.37,10100.66,24.78
295000,0,11068.92,22.75,10269.07,24.41,10066.16,24.85
296000,0,11057.08,22.77,10248.97,24.45,10031.23,24.93
297000,0,11054.00,22.78,10229.52,24.49,9997.05,25.01
298000,0,11044.75,22.80,10209.61,24.54,9964.22,25.08
299000,0,11031.19,22.83,10190.33,24.58,9930.29,25.16
300000,0,11018.29,22.85,10169.78,24.62,9896.26,25.23
301000,0,11004.47,22.88,10150.97,24.67,9859.41,25.32
302000,0,10981.84,22.92,10131.63,24.71,9826.48,25.39
303000,0,10968.55,22.95,10111.22,24.75,9792.92,25.47
304000,0,10953.21,22.98,10090.62,24.80,9763.25,25.54
305000,0,10937.09,23.01,10069.85,24.84,9733.21,25.60
306000,0,10920.03,23.05,10048.31,24.89,9698.64,25.68
307000,0,10898.58,23.09,10027.21,24.94,9667.70,25.76
308000,0,10881.40,23.13,10003.79,24.99,9637.20,25.83
309000,0,10867.09,23.16,9979.44,25.05,9614.70,25.88
310000,0,10842.85,23.21,9956.59,25.10,9581.78,25.96
311000,0,10822.45,23.25,9933.93,25.15,9548.14,26.04
312000,0,10795.54,23.30,9906.61,25.21,9515.65,26.11
313000,0,10778.85,23.34,9883.97,25.26,9484.94,26.18
314000,0,10759.95,23.37,9863.12,25.31,9456.62,26.25
315000,0,10742.25,23.41,9842.64,25.35,9424.72,26.33
316000,0,10724.05,23.45,9822.60,25.40,9396.50,26.40
317000,0,10703.98,23.49,9802.54,25.45,9370.79,26.46
318000,0,10685.95,23.53,9781.76,25.49,9345.35,26.52
319000,0,10669.79,23.56,9765.34,25.53,9321.03,26.58
320000,0,10652.10,23.60,9743.98,25.58,9293.16,26.64
321000,0,10638.55,23.63,9722.66,25.63,9265.46,26.71
322000,0,10608.56,23.69,9701.10,25.68,9239.94,26.77
323000,0,10588.87,23.73,9681.97,25.72,9210.36,26.85
324000,0,10571.55,23.76,9662.39,25.77,9185.34,26.91
325000,0,10554.26,23.80,9642.47,25.81,9163.35,26.96
326000,0,10536.38,23.84,9623.41,25.86,9140.67,27.02
327000,0,10518.30,23.88,9604.58,25.90,9118.40,27.07
328000,0,10496.30,23.92,9585.78,25.95,9097.08,27.13
329000,0,10479.31,23.96,9565.72,25.99,9074.02,27.18
330000,0,10461.74,24.00,9546.90,26.04,9052.11,27.24
331000,0,10444.48,24.03,9529.35,26.08,9024.71,27.31
332000,0,10427.17,24.07,9511.70,26.12,9003.68,27.36
333000,0,10409.28,24.11,9493.24,26.16,8985.67,27.41
334000,0,10391.09,24.15,9476.44,26.20,8965.62,27.46
335000,0,10364.40,24.20,9457.94,26.25,8944.77,27.51
336000,0,10345.89,24.24,9438.98,26.29,8925.40,27.56
337000,0,10326.83,24.28,9421.51,26.34,8905.50,27.61
338000,0,10309.57,24.32,9402.98,26.38,8884.71,27.66
339000,0,10290.58,24.36,9385.00,26.42,8860.78,27.72
340000,0,10272.85,24.40,9367.77,26.46,8840.89,27.77
341000,0,10261.55,24.43,9350.08,26.51,8822.75,27.82
342000,0,10246.40,24.46,9333.07,26.55,8802.29,27.87
343000,0,10227.27,24.50,9314.59,26.59,8783.32,27.92
344000,0,10208.49,24.54,9293.89,26.64,8764.47,27.97
345000,0,10188.02,24.58,9273.96,26.69,8741.21,28.03
346000,0,10169.48,24.63,9254.14,26.74,8716.13,28.10
347000,0,10148.77,24.67,9234.67,26.79,8688.98,28.17
348000,0,10122.63,24.73,9215.95,26.83,8666.51,28.23
349000,0,10104.50,24.77,9196.81,26.88,8644.04,28.29
350000,0,10086.46,24.81,9177.62,26.93,8623.67,28.34
351000,0,10068.84,24.85,9161.11,26.97,8604.99,28.39
352000,0,10052.16,24.88,9143.45,27.01,8585.49,28.44
353000,0,10035.86,24.92,9124.59,27.06,8566.62,28.49
354000,0,10014.02,24.97,9107.23,27.10,8548.21,28.54
355000,0,9994.80,25.01,9090.51,27.14,8525.91,28.60
356000,0,9976.54,25.05,9073.13,27.19,8507.58,28.65
357000,0,9959.65,25.09,9055.14,27.23,8490.05,28.70
358000,0,9940.80,25.13,9038.42,27.27,8472.35,28.75
359000,0,9921.83,25.18,9021.67,27.32,8453.48,28.80
360000,0,9904.84,25.21,9005.62,27.36,8434.67,28.85
361000,0,9883.68,25.26,8988.27,27.40,8415.79,28.90
362000,0,9863.70,25.31,8971.95,27.44,8399.00,28.94
363000,0,9846.63,25.35,8956.58,27.48,8374.01,29.01
364000,0,9829.27,25.38,8939.64,27.52,8354.47,29.07
365000,0,9812.41,25.42,8921.60,27.57,8334.44,29.12
366000,0,9794.24,25.46,8903.91,27.61,8314.20,29.18
367000,0,9777.20,25.50,8886.39,27.66,8294.72,29.23
368000,0,9756.10,25.55,8869.51,27.70,8275.26,29.28
369000,0,9738.67,25.59,8853.57,27.74,8257.23,29.33
370000,0,9721.31,25.63,8836.71,27.79,8239.63,29.38
371000,0,9703.56,25.67,8819.68,27.83,8228.37,29.42
372000,0,9687.34,25.71,8802.77,27.87,8211.87,29.46
373000,0,9669.33,25.75,8785.45,27.92,8193.33,29.51
374000,0,9650.08,25.80,8769.29,27.96,8175.79,29.56
375000,0,9631.15,25.84,8753.50,28.00,8158.28,29.61
376000,0,9609.34,25.89,8736.96,28.04,8140.93,29.66
377000,0,9591.27,25.93,8720.24,28.09,8124.17,29.71
378000,0,9574.69,25.97,8703.93,28.13,8107.69,29.76
379000,0,9557.57,26.01,8687.51,28.17,8088.81,29.81
380000,0,9539.74,26.06,8671.81,28.21,8067.53,29.87
381000,0,9523.05,26.09,8654.57,28.26,8050.01,29.92
382000,0,9504.96,26.14,8637.57,28.30,8033.28,29.97
383000,0,9484.32,26.19,8620.87,28.35,8017.83,30.01
384000,0,9465.45,26.23,8605.40,28.39,8001.20,30.06
385000,0,9448.40,26.27,8589.10,28.43,7984.78,30.11
386000,0,9430.82,26.31,8572.22,28.48,7968.86,30.15
387000,0,9413.99,26.35,8555.29,28.52,7953.09,30.20
388000,0,9396.68,26.39,8539.73,28.56,7934.40,30.25
389000,0,9378.35,26.44,8523.42,28.61,7918.43,30.30
390000,0,9355.94,26.49,8507.95,28.65,7903.02,30.35
391000,0,9335.63,26.54,8493.33,28.69,7889.45,30.38
392000,0,9318.69,26.58,8477.98,28.73,7874.87,30.43
393000,0,9302.05,26.62,8463.46,28.77,7861.31,30.47
394000,0,9285.46,26.66,8449.01,28.81,7848.12,30.51
395000,0,9269.77,26.70,8435.12,28.85,7832.21,30.55
396000,0,9255.50,26.74,8422.21,28.88,7819.73,30.59
397000,0,9240.41,26.77,8402.88,28.93,7802.27,30.64
398000,0,9225.76,26.81,8387.39,28.98,7792.02,30.67
399000,0,9210.45,26.85,8373.68,29.01,7779.16,30.71
400000,0,9199.22,26.87,8359.47,29.05,7767.78,30.74
401000,0,9184.29,26.91,8345.14,29.09,7755.60,30.78
402000,0,9168.74,26.95,8330.24,29.13,7743.88,30.82
403000,0,9152.47,26.99,8316.38,29.17,7732.42,30.85
404000,0,9137.41,27.03,8303.58,29.21,7721.64,30.88
405000,0,9121.91,27.06,8291.33,29.24,7710.36,30.92
406000,0,9107.26,27.10,8277.56,29.28,7696.83,30.96
407000,0,9093.81,27.13,8264.89,29.31,7685.86,30.99
408000,0,9079.02,27.17,8252.98,29.35,7674.91,31.02
409000,0,9064.39,27.21,8240.67,29.38,7666.11,31.05
410000,0,9047.12,27.25,8228.85,29.41,7655.01,31.08
411000,0,9031.08,27.29,8217.34,29.45,7644.36,31.12
412000,0,9017.34,27.33,8205.19,29.48,7634.54,31.15
413000,0,9001.79,27.37,8191.97,29.52,7622.99,31.18
414000,0,8985.84,27.41,8180.14,29.55,7609.67,31.22
415000,0,8970.94,27.44,8167.79,29.59,7596.87,31.26
416000,0,8957.59,27.48,8155.62,29.62,7580.38,31.31
417000,0,8943.26,27.51,8142.82,29.66,7566.51,31.35
418000,0,8927.39,27.55,8129.65,29.69,7554.52,31.39
419000,0,8912.68,27.59,8116.86,29.73,7542.02,31.43
420000,0,8895.15,27.64,8105.22,29.76,7529.54,31.47
421000,0,8881.78,27.67,8093.71,29.79,7517.82,31.50
422000,0,8869.18,27.70,8081.26,29.83,7506.55,31.54
423000,0,8856.89,27.73,8069.26,29.86,7494.63,31.58
424000,0,8843.68,27.77,8057.59,29.90,7482.17,31.62
425000,0,8831.73,27.80,8044.22,29.94,7468.10,31.66
426000,0,8817.41,27.83,8031.91,29.97,7454.12,31.70
427000,0,8803.02,27.87,8020.15,30.01,7439.19,31.75
428000,0,8788.02,27.91,8006.28,30.05,7425.35,31.79
429000,0,8768.52,27.96,7994.22,30.08,7412.31,31.83
430000,0,8752.02,28.00,7981.27,30.12,7401.20,31.87
431000,0,8737.50,28.04,7967.89,30.16,7390.13,31.90
432000,0,8724.16,28.08,7954.52,30.20,7377.99,31.94
433000,0,8711.84,28.11,7941.68,30.23,7366.10,31.98
434000,0,8698.30,28.14,7931.04,30.26,7355.37,32.01
435000,0,8683.86,28.18,7919.51,30.30,7345.24,32.05
436000,0,8668.55,28.22,7906.27,30.34,7330.71,32.09
437000,0,8653.78,28.26,7892.48,30.38,7313.30,32.15
438000,0,8640.64,28.30,7877.66,30.42,7299.88,32.19
439000,0,8624.03,28.34,7865.42,30.46,7286.46,32.23
440000,0,8608.27,28.38,7852.74,30.49,7273.43,32.28
441000,0,8595.60,28.42,7840.34,30.53,7261.76,32.31
442000,0,8582.88,28.45,7829.39,30.56,7251.35,32.35
443000,0,8569.67,28.48,7818.53,30.59,7241.67,32.38
444000,0,8557.20,28.52,7807.71,30.63,7230.84,32.41
445000,0,8545.50,28.55,7797.47,30.66,7220.38,32.45
446000,0,8533.56,28.58,7785.96,30.69,7209.49,32.48
447000,0,8520.28,28.62,7773.99,30.73,7202.49,32.51
448000,0,8506.78,28.65,7762.72,30.76,7190.72,32.54
449000,0,8490.62,28.70,7751.73,30.79,7178.97,32.58
450000,0,8477.77,28.73,7738.24,30.83,7168.06,32.62
451000,0,8463.82,28.77,7726.95,30.87,7157.04,32.65
452000,0,8450.76,28.80,7715.55,30.90,7143.93,32.70
453000,0,8437.86,28.84,7704.06,30.94,7131.19,32.74
454000,0,8425.84,28.87,7692.07,30.97,7119.91,32.78
455000,0,8414.20,28.90,7680.81,31.01,7110.36,32.81
456000,0,8401.37,28.94,7670.66,31.04,7099.04,32.85
457000,0,8391.02,28.97,7659.33,31.07,7087.36,32.88
458000,0,8378.25,29.00,7648.77,31.10,7070.66,32.94
459000,0,8362.72,29.04,7638.34,31.13,7060.38,32.97
460000,0,8351.00,29.08,7627.14,31.17,7049.25,33.01
461000,0,8338.55,29.11,7617.10,31.20,7039.89,33.04
462000,0,8326.98,29.14,7607.82,31.23,7031.67,33.07
463000,0,8315.57,29.17,7597.15,31.26,7022.62,33.10
464000,0,8304.29,29.20,7585.10,31.30,7011.88,33.14
465000,0,8291.07,29.24,7573.73,31.33,7000.62,33.17
466000,0,8277.72,29.28,7562.76,31.37,6989.67,33.21
467000,0,8265.31,29.31,7552.19,31.40,6979.33,33.25
468000,0,8252.64,29.35,7540.61,31.43,6969.18,33.28
469000,0,8241.11,29.38,7531.15,31.46,6958.50,33.32
470000,0,8223.91,29.43,7522.39,31.49,6950.06,33.35
471000,0,8214.57,29.45,7514.08,31.52,6942.58,33.37
472000,0,8204.87,29.48,7503.95,31.55,6934.52,33.40
473000,0,8194.94,29.51,7494.70,31.58,6927.09,33.42
474000,0,8183.98,29.54,7485.76,31.60,6917.16,33.46
475000,0,8173.71,29.57,7476.11,31.63,6907.09,33.49
476000,0,8162.55,29.60,7465.08,31.67,6896.14,33.53
477000,0,8152.28,29.63,7454.85,31.70,6885.22,33.57
478000,0,8142.19,29.66,7444.81,31.73,6874.16,33.60
479000,0,8131.71,29.69,7434.51,31.76,6863.09,33.64
480000,0,8120.76,29.72,7424.66,31.80,6853.46,33.68
481000,0,8108.73,29.75,7416.46,31.82,6841.98,33.72
482000,0,8098.12,29.78,7408.76,31.85,6828.09,33.76
483000,0,8087.11,29.81,7399.59,31.87,6819.21,33.79
484000,0,8077.00,29.84,7389.56,31.91,6809.40,33.83
485000,0,8065.69,29.87,7380.45,31.94,6798.13,33.87
486000,0,8055.62,29.90,7370.73,31.97,6789.56,33.90
487000,0,8044.78,29.93,7360.78,32.00,6780.29,33.93
488000,0,8033.78,29.97,7351.67,32.03,6771.56,33.96
489000,0,8022.49,30.00,7341.70,32.06,6760.91,34.00
490000,0,8010.68,30.03,7330.42,32.09,6752.05,34.03
491000,0,7999.82,30.06,7319.63,32.13,6743.26,34.06
492000,0,7988.45,30.10,7311.06,32.16,6735.77,34.09
493000,0,7974.28,30.14,7301.38,32.19,6728.46,34.11
494000,0,7963.07,30.17,7291.69,32.22,6719.56,34.14
495000,0,7951.08,30.21,7281.77,32.25,6710.87,34.17
496000,0,7939.50,30.24,7271.99,32.28,6700.20,34.21
497000,0,7929.10,30.27,7260.38,32.32,6689.18,34.25
498000,0,7919.27,30.30,7250.58,32.35,6680.75,34.28
499000,0,7908.17,30.33,7241.13,32.38,6672.11,34.31
500000,0,7898.40,30.36,7237.91,32.39,6663.09,34.34
501000,0,7888.57,30.39,7228.96,32.42,6656.35,34.37
502000,0,7877.43,30.42,7219.94,32.45,6648.37,34.40
503000,0,7866.20,30.45,7210.17,32.48,6639.70,34.43
504000,0,7855.70,30.48,7200.78,32.51,6630.60,34.46
505000,0,7842.19,30.52,7191.48,32.54,6620.83,34.49
506000,0,7830.88,30.56,7181.98,32.57,6610.48,34.53
507000,0,7819.87,30.59,7173.12,32.60,6598.82,34.57
508000,0,7808.91,30.62,7164.34,32.63,6589.36,34.61
509000,0,7799.50,30.65,7156.54,32.66,6582.60,34.63
510000,0,7788.83,30.68,7146.84,32.69,6575.31,34.66
511000,0,7778.45,30.71,7136.67,32.72,6568.25,34.68
512000,0,7767.90,30.74,7125.33,32.76,6560.70,34.71
513000,0,7759.43,30.77,7117.55,32.78,6552.65,34.74
514000,0,7752.58,30.79,7109.45,32.81,6544.76,34.77
515000,0,7743.16,30.82,7100.43,32.84,6536.23,34.80
516000,0,7732.11,30.85,7092.03,32.87,6527.80,34.83
517000,0,7720.18,30.89,7082.08,32.90,6518.42,34.86
518000,0,7708.10,30.92,7072.47,32.93,6508.95,34.90
519000,0,7698.59,30.95,7063.94,32.96,6498.51,34.94
520000,0,7689.11,30.98,7056.26,32.99,6491.18,34.96
521000,0,7680.82,31.01,7049.07,33.01,6484.63,34.99
522000,0,7670.93,31.04,7042.56,33.03,6478.94,35.01
523000,0,7662.56,31.06,7034.64,33.06,6472.21,35.03
524000,0,7655.20,31.08,7029.08,33.08,6465.69,35.06
525000,0,7646.28,31.11,7022.31,33.10,6458.79,35.08
526000,0,7638.66,31.13,7014.95,33.13,6451.80,35.11
527000,0,7630.14,31.16,7007.60,33.15,6445.23,35.13
528000,0,7621.23,31.19,6998.87,33.18,6439.24,35.16
529000,0,7612.74,31.21,6992.15,33.20,6432.40,35.18
530000,0,7605.36,31.24,6985.26,33.23,6425.95,35.21
531000,0,7598.57,31.26,6977.77,33.25,6419.11,35.23
532000,0,7591.82,31.28,6970.66,33.28,6412.69,35.25
533000,0,7583.23,31.30,6963.68,33.30,6405.08,35.28
534000,0,7575.52,31.33,6957.47,33.32,6397.81,35.31
535000,0,7568.66,31.35,6949.75,33.35,6387.65,35.35
536000,0,7560.92,31.37,6942.95,33.37,6380.48,35.37
537000,0,7552.26,31.40,6936.12,33.39,6374.99,35.40
538000,0,7543.97,31.42,6928.61,33.42,6367.89,35.42
539000,0,7534.98,31.45,6920.67,33.45,6359.77,35.45
540000,0,7526.14,31.48,6913.37,33.47,6352.99,35.48
541000,0,7517.73,31.51,6906.72,33.49,6346.65,35.50
542000,0,7510.24,31.53,6899.73,33.52,6340.06,35.53
543000,0,7502.77,31.55,6893.40,33.54,6334.47,35.55
544000,0,7495.97,31.57,6887.39,33.56,6328.41,35.57
545000,0,7489.88,31.59,6880.07,33.58,6323.22,35.59
546000,0,7482.79,31.61,6874.61,33.60,6318.61,35.61
547000,0,7477.23,31.63,6869.40,33.62,6314.15,35.62
548000,0,7471.70,31.65,6864.48,33.64,6308.45,35.65
549000,0,7463.69,31.67,6858.93,33.66,6305.14,35.66
550000,0,7454.59,31.70,6852.94,33.68,6300.28,35.68
551000,0,7448.40,31.72,6847.10,33.70,6295.17,35.70
552000,0,7441.88,31.74,6842.19,33.71,6291.57,35.71
553000,0,7436.18,31.76,6835.56,33.74,6287.96,35.72
554000,0,7429.56,31.78,6831.46,33.75,6284.93,35.74
555000,0,7424.37,31.80,6826.91,33.77,6280.84,35.75
556000,0,7418.09,31.82,6821.99,33.78,6277.05,35.77
557000,0,7412.39,31.83,6815.82,33.81,6271.96,35.79
558000,0,7406.93,31.85,6810.22,33.83,6266.95,35.80
559000,0,7400.49,31.87,6804.66,33.84,6262.11,35.82
560000,0,7394.88,31.89,6799.68,33.86,6257.56,35.84
561000,0,7389.02,31.91,6794.90,33.88,6251.62,35.86
562000,0,7382.29,31.93,6789.87,33.90,6246.09,35.88
563000,0,7376.28,31.95,6783.40,33.92,6239.96,35.91
564000,0,7369.08,31.97,6776.68,33.94,6233.55,35.93
565000,0,7362.38,31.99,6770.62,33.96,6227.25,35.96
566000,0,7357.63,32.01,6764.29,33.99,6221.61,35.98
567000,0,7352.02,32.03,6758.44,34.01,6215.14,36.00
568000,0,7346.18,32.04,6751.74,34.03,6209.73,36.02
569000,0,7338.47,32.07,6746.04,34.05,6205.42,36.04
570000,0,7330.60,32.09,6739.21,34.07,6200.58,36.06
571000,0,7323.47,32.12,6734.06,34.09,6195.90,36.08
572000,0,7317.87,32.13,6729.16,34.11,6187.17,36.11
573000,0,7312.20,32.15,6723.73,34.13,6181.78,36.13
574000,0,7306.45,32.17,6717.59,34.15,6176.57,36.15
575000,0,7300.33,32.19,6712.84,34.17,6170.82,36.18
576000,0,7294.03,32.21,6707.15,34.19,6165.13,36.20
577000,0,7286.81,32.23,6701.36,34.21,6158.69,36.22
578000,0,7280.39,32.25,6695.40,34.23,6153.54,36.24
579000,0,7275.08,32.27,6690.90,34.24,6148.78,36.26
580000,0,7270.26,32.29,6688.99,34.25,6147.79,36.27
581000,0,7264.27,32.31,6686.09,34.26,6147.06,36.27
582000,0,7259.38,32.32,6680.85,34.28,6143.08,36.28
583000,0,7256.53,32.33,6675.74,34.30,6138.61,36.30
584000,0,7254.38,32.34,6670.91,34.31,6134.59,36.32
585000,0,7248.77,32.36,6665.92,34.33,6130.78,36.33
586000,0,7244.77,32.37,6660.79,34.35,6126.33,36.35
587000,0,7241.22,32.38,6655.65,34.37,6122.21,36.37
588000,0,7236.25,32.40,6650.37,34.39,6117.23,36.38
589000,0,7229.23,32.42,6645.96,34.40,6111.30,36.41
590000,0,7222.24,32.44,6640.61,34.42,6104.73,36.43
591000,0,7212.54,32.47,6635.29,34.44,6099.22,36.46
592000,0,7204.17,32.50,6629.85,34.46,6094.51,36.47
593000,0,7197.58,32.52,6624.34,34.48,6089.15,36.50
594000,0,7190.99,32.54,6619.26,34.50,6082.39,36.52
595000,0,7184.81,32.56,6614.64,34.52,6077.53,36.54
596000,0,7178.76,32.58,6609.29,34.54,6073.08,36.56
597000,0,7172.25,32.61,6604.10,34.55,6069.67,36.57
598000,0,7165.69,32.63,6599.19,34.57,6065.65,36.59
599000,0,7160.96,32.64,6594.61,34.59,6062.28,36.60
600000,0,7156.95,32.66,6589.62,34.61,6058.13,36.62
601000,0,7151.72,32.67,6585.16,34.62,6054.65,36.63
602000,0,7148.12,32.68,6581.11,34.64,6050.15,36.65
603000,0,7143.52,32.70,6576.68,34.65,6046.14,36.67
604000,0,7138.66,32.72,6571.10,34.67,6039.67,36.69
605000,0,7132.69,32.73,6565.84,34.69,6035.31,36.71
606000,0,7126.98,32.75,6560.76,34.71,6030.47,36.73
607000,0,7122.49,32.77,6555.94,34.73,6025.05,36.75
608000,0,7117.23,32.79,6551.08,34.75,6020.08,36.77
609000,0,7112.79,32.80,6546.60,34.76,6016.06,36.79
610000,0,7109.40,32.81,6541.60,34.78,6012.35,36.80
611000,0,7103.81,32.83,6536.61,34.80,6008.09,36.82
612000,0,7098.99,32.85,6531.39,34.82,6004.43,36.83
613000,0,7094.35,32.86,6525.87,34.84,6004.15,36.83
614000,0,7089.32,32.88,6520.95,34.86,6003.02,36.84
615000,0,7084.06,32.90,6516.25,34.87,6000.35,36.85
616000,0,7078.29,32.91,6511.66,34.89,5996.62,36.86
617000,0,7071.76,32.94,6506.87,34.91,5993.98,36.88
618000,0,7065.50,32.96,6502.21,34.92,5988.73,36.90
619000,0,7061.32,32.97,6497.18,34.94,5983.48,36.92
620000,0,7058.25,32.98,6492.86,34.96,5976.49,36.95
621000,0,7053.95,33.00,6489.19,34.97,5970.70,36.97
622000,0,7049.30,33.01,6484.18,34.99,5965.58,36.99
623000,0,7044.00,33.03,6479.79,35.01,5960.17,37.01
624000,0,7038.52,33.05,6476.75,35.02,5957.56,37.02
625000,0,7034.77,33.06,6473.47,35.03,5954.62,37.03
626000,0,7031.17,33.07,6470.61,35.04,5950.73,37.05
627000,0,7025.42,33.09,6467.10,35.05,5947.01,37.07
628000,0,7021.78,33.10,6463.09,35.07,5944.21,37.08
629000,0,7018.93,33.11,6460.78,35.08,5941.36,37.09
630000,0,7014.85,33.13,6457.52,35.09,5939.30,37.10
631000,0,7008.68,33.15,6453.42,35.10,5936.69,37.11
632000,0,7003.74,33.16,6450.63,35.11,5933.69,37.12
633000,0,6999.40,33.18,6447.19,35.13,5930.77,37.13
634000,0,6996.03,33.19,6444.30,35.14,5928.37,37.14
635000,0,6992.84,33.20,6441.12,35.15,5925.32,37.15
636000,0,6990.09,33.21,6438.02,35.16,5922.09,37.17
637000,0,6987.99,33.22,6435.41,35.17,5919.87,37.18
638000,0,6984.52,33.23,6432.08,35.18,5917.76,37.18
639000,0,6982.45,33.24,6429.21,35.19,5914.82,37.20
640000,0,6980.07,33.24,6427.06,35.20,5911.87,37.21
641000,0,6977.04,33.25,6423.17,35.22,5909.25,37.22
642000,0,6972.38,33.27,6419.85,35.23,5906.43,37.23
643000,0,6968.36,33.28,6416.51,35.24,5903.63,37.24
644000,0,6962.49,33.30,6413.09,35.25,5901.83,37.25
645000,0,6957.47,33.32,6410.32,35.26,5898.76,37.26
646000,0,6954.05,33.33,6407.10,35.28,5895.72,37.27
647000,0,6950.05,33.35,6403.82,35.29,5892.65,37.29
648000,0,6945.03,33.36,6400.81,35.30,5889.21,37.30
649000,0,6940.30,33.38,6397.97,35.31,5886.36,37.31
650000,0,6934.96,33.40,6394.03,35.32,5882.40,37.33
651000,0,6929.94,33.41,6389.34,35.34,5877.63,37.35
652000,0,6923.87,33.43,6385.69,35.36,5873.52,37.37
653000,0,6918.92,33.45,6381.49,35.37,5868.76,37.39
654000,0,6913.86,33.47,6376.25,35.39,5864.35,37.40
655000,0,6908.66,33.49,6371.60,35.41,5858.82,37.43
656000,0,6904.83,33.50,6367.06,35.43,5854.15,37.45
657000,0,6900.74,33.51,6362.43,35.44,5849.28,37.47
658000,0,6895.65,33.53,6358.56,35.46,5844.08,37.49
659000,0,6890.74,33.55,6353.89,35.47,5839.42,37.51
660000,0,6885.95,33.56,6349.84,35.49,5835.49,37.52
661000,0,6881.86,33.58,6345.03,35.51,5831.91,37.54
662000,0,6879.75,33.59,6340.58,35.52,5827.91,37.55
663000,0,6876.05,33.60,6337.76,35.54,5823.53,37.57
664000,0,6872.00,33.61,6333.85,35.55,5819.72,37.59
665000,0,6866.30,33.63,6329.76,35.57,5815.54,37.61
666000,0,6861.36,33.65,6324.80,35.58,5810.53,37.63
667000,0,6856.79,33.66,6321.32,35.60,5806.60,37.64
668000,0,6852.20,33.68,6318.15,35.61,5802.80,37.66
669000,0,6846.79,33.70,6315.39,35.62,5799.89,37.67
670000,0,6842.81,33.71,6312.17,35.63,5795.56,37.69
671000,0,6837.34,33.73,6308.89,35.64,5791.62,37.71
672000,0,6834.02,33.74,6305.09,35.66,5785.75,37.73
673000,0,6829.49,33.76,6302.24,35.67,5781.25,37.75
674000,0,6825.41,33.77,6300.03,35.68,5777.45,37.77
675000,0,6820.71,33.79,6296.51,35.69,5772.43,37.79
676000,0,6816.25,33.80,6293.66,35.70,5769.55,37.80
677000,0,6812.99,33.82,6290.44,35.71,5766.39,37.81
678000,0,6808.80,33.83,6286.34,35.73,5762.80,37.83
679000,0,6804.37,33.85,6281.84,35.75,5758.81,37.84
680000,0,6800.41,33.86,6277.97,35.76,5756.42,37.85
681000,0,6797.13,33.87,6274.68,35.77,5753.98,37.86
682000,0,6794.83,33.88,6271.35,35.79,5750.29,37.88
683000,0,6790.40,33.89,6267.63,35.80,5747.01,37.89
684000,0,6786.33,33.91,6263.20,35.82,5743.11,37.91
685000,0,6781.72,33.92,6259.04,35.83,5739.35,37.93
686000,0,6778.07,33.94,6253.57,35.86,5735.53,37.94
687000,0,6773.50,33.95,6248.87,35.87,5730.44,37.96
688000,0,6768.80,33.97,6243.79,35.89,5724.99,37.99
689000,0,6764.10,33.99,6238.12,35.91,5719.77,38.01
690000,0,6759.61,34.00,6233.51,35.93,5714.38,38.03
691000,0,6756.50,34.01,6229.47,35.95,5711.14,38.05
692000,0,6752.24,34.03,6226.35,35.96,5709.41,38.05
693000,0,6748.16,34.04,6223.12,35.97,5707.24,38.06
694000,0,6743.03,34.06,6220.70,35.98,5704.91,38.07
695000,0,6737.38,34.08,6218.51,35.99,5702.67,38.08
696000,0,6732.68,34.10,6213.91,36.01,5700.77,38.09
697000,0,6728.39,34.11,6207.25,36.03,5697.17,38.11
698000,0,6724.62,34.12,6203.98,36.05,5692.89,38.12
699000,0,6721.07,34.14,6201.57,36.06,5689.58,38.14
700000,0,6718.58,34.15,6199.04,36.07,5687.58,38.15
701000,0,6715.76,34.16,6196.03,36.08,5684.61,38.16
702000,0,6712.90,34.17,6193.73,36.09,5684.18,38.16
703000,0,6709.03,34.18,6191.77,36.09,5683.29,38.16
704000,0,6705.48,34.19,6188.90,36.10,5681.34,38.17
705000,0,6702.14,34.20,6185.65,36.12,5678.86,38.18
706000,0,6698.59,34.22,6183.84,36.12,5676.67,38.19
707000,0,6695.86,34.23,6181.49,36.13,5672.98,38.21
708000,0,6691.76,34.24,6178.47,36.15,5669.63,38.22
709000,0,6688.40,34.25,6174.88,36.16,5664.82,38.24
710000,0,6684.79,34.27,6171.43,36.17,5660.98,38.26
711000,0,6679.95,34.28,6167.61,36.19,5656.94,38.28
712000,0,6677.00,34.29,6163.87,36.20,5652.68,38.30
713000,0,6672.54,34.31,6160.01,36.22,5648.79,38.31
714000,0,6668.89,34.32,6156.47,36.23,5644.98,38.33
715000,0,6665.50,34.33,6153.25,36.24,5640.41,38.35
716000,0,6661.75,34.35,6149.75,36.26,5637.12,38.36
717000,0,6657.96,34.36,6145.88,36.27,5633.47,38.38
718000,0,6655.74,34.37,6142.75,36.28,5630.62,38.39
719000,0,6653.42,34.38,6142.13,36.29,5630.37,38.39
720000,0,6649.58,34.39,6140.31,36.29,5629.59,38.40
721000,0,6645.38,34.41,6136.94,36.31,5627.74,38.40
722000,0,6641.73,34.42,6134.12,36.32,5625.22,38.41
723000,0,6636.83,34.44,6131.32,36.33,5622.36,38.43
724000,0,6632.03,34.45,6127.92,36.34,5619.04,38.44
725000,0,6627.85,34.47,6123.89,36.36,5615.69,38.46
726000,0,6622.41,34.49,6120.27,36.37,5611.06,38.48
727000,0,6616.85,34.51,6115.45,36.39,5606.25,38.50
728000,0,6612.64,34.52,6111.05,36.41,5601.83,38.52
729000,0,6607.38,34.54,6107.05,36.42,5597.27,38.54
730000,0,6601.34,34.56,6102.13,36.44,5592.30,38.56
731000,0,6595.99,34.58,6097.15,36.46,5584.85,38.59
732000,0,6590.41,34.60,6092.67,36.48,5580.44,38.61
733000,0,6586.25,34.62,6089.45,36.49,5576.21,38.63
734000,0,6581.77,34.63,6087.63,36.50,5573.58,38.64
735000,0,6577.23,34.65,6084.93,36.51,5569.54,38.66
736000,0,6573.14,34.67,6081.80,36.52,5565.78,38.67
737000,0,6568.01,34.68,6077.92,36.54,5560.62,38.70
738000,0,6563.79,34.70,6073.91,36.56,5556.57,38.71
739000,0,6560.31,34.71,6069.81,36.57,5552.54,38.73
740000,0,6555.32,34.73,6065.48,36.59,5549.06,38.75
741000,0,6550.64,34.75,6061.21,36.61,5544.93,38.77
742000,0,6546.56,34.76,6056.84,36.62,5541.17,38.78
743000,0,6541.90,34.78,6053.11,36.64,5537.63,38.80
744000,0,6539.16,34.79,6048.88,36.66,5535.17,38.81
745000,0,6535.44,34.80,6045.01,36.67,5532.25,38.82
746000,0,6533.25,34.81,6040.66,36.69,5529.22,38.83
747000,0,6529.92,34.82,6037.10,36.70,5526.67,38.85
748000,0,6527.33,34.83,6034.40,36.71,5524.05,38.86
749000,0,6526.65,34.83,6032.01,36.72,5522.85,38.86
750000,0,6523.15,34.85,6030.08,36.73,5522.22,38.87
751000,0,6519.52,34.86,6027.56,36.74,5519.92,38.88
752000,0,6516.25,34.87,6024.28,36.75,5517.35,38.89
753000,0,6511.98,34.89,6021.96,36.76,5515.44,38.90
754000,0,6509.71,34.90,6019.74,36.77,5513.97,38.90
755000,0,6506.07,34.91,6016.48,36.78,5510.87,38.92
756000,0,6502.68,34.92,6013.44,36.80,5506.83,38.93
757000,0,6502.33,34.92,6010.39,36.81,5503.96,38.95
758000,0,6500.22,34.93,6007.54,36.82,5500.41,38.96
759000,0,6498.46,34.94,6005.02,36.83,5497.65,38.97
760000,0,6496.03,34.95,6002.06,36.84,5495.33,38.98
761000,0,6495.28,34.95,5998.59,36.86,5494.21,38.99
762000,0,6494.42,34.95,5996.10,36.87,5493.93,38.99
763000,0,6492.03,34.96,5993.37,36.88,5492.62,39.00
764000,0,6488.64,34.97,5991.46,36.89,5491.38,39.00
765000,0,6485.64,34.98,5990.14,36.89,5490.13,39.01
766000,0,6483.62,34.99,5988.42,36.90,5490.32,39.01
767000,0,6481.33,35.00,5986.66,36.90,5490.54,39.01
768000,0,6477.81,35.01,5984.48,36.91,5490.25,39.01
769000,0,6472.58,35.03,5982.67,36.92,5489.69,39.01
770000,0,6470.54,35.04,5981.18,36.93,5489.53,39.01
771000,0,6468.46,35.05,5979.58,36.93,5490.02,39.01
772000,0,6465.26,35.06,5976.82,36.94,5488.13,39.02
773000,0,6463.62,35.07,5974.10,36.96,5485.27,39.03
774000,0,6462.58,35.07,5971.39,36.97,5482.32,39.04
775000,0,6459.78,35.08,5968.85,36.98,5479.07,39.06
776000,0,6458.26,35.09,5964.80,36.99,5475.46,39.07
777000,0,6454.96,35.10,5961.52,37.01,5471.47,39.09
778000,0,6453.40,35.10,5958.88,37.02,5469.31,39.10
779000,0,6451.93,35.11,5955.64,37.03,5467.49,39.11
780000,0,6448.93,35.12,5953.03,37.04,5467.48,39.11
781000,0,6446.43,35.13,5950.39,37.05,5466.60,39.11
782000,0,6444.39,35.14,5948.13,37.06,5466.65,39.11
783000,0,6441.09,35.15,5946.57,37.07,5467.09,39.11
784000,0,6438.18,35.16,5945.30,37.07,5467.87,39.11
785000,0,6434.67,35.17,5943.95,37.08,5467.71,39.11
786000,0,6433.95,35.18,5941.47,37.09,5467.74,39.11
787000,0,6432.25,35.18,5940.43,37.09,5467.45,39.11
788000,0,6430.29,35.19,5940.29,37.09,5466.75,39.11
789000,0,6427.70,35.20,5938.69,37.10,5464.74,39.12
790000,0,6426.65,35.20,5937.65,37.10,5463.55,39.13
791000,0,6425.02,35.21,5936.45,37.11,5460.81,39.14
792000,0,6422.07,35.22,5934.29,37.12,5459.70,39.14
793000,0,6418.92,35.23,5932.91,37.12,5456.88,39.16
794000,0,6415.55,35.24,5930.59,37.13,5454.61,39.17
795000,0,6411.79,35.26,5928.50,37.14,5451.80,39.18
796000,0,6408.40,35.27,5925.18,37.15,5450.18,39.19
797000,0,6406.92,35.28,5922.89,37.16,5449.32,39.19
798000,0,6404.06,35.29,5920.96,37.17,5447.65,39.20
799000,0,6401.78,35.30,5918.82,37.18,5445.71,39.21
800000,0,6399.40,35.30,5916.74,37.19,5443.03,39.22
801000,0,6395.89,35.32,5913.98,37.20,5440.64,39.23
802000,0,6392.56,35.33,5912.62,37.21,5438.37,39.24
803000,0,6390.38,35.34,5911.48,37.21,5436.98,39.25
804000,0,6388.31,35.35,5910.32,37.21,5435.97,39.25
805000,0,6385.82,35.35,5909.05,37.22,5434.27,39.26
806000,0,6383.16,35.36,5906.91,37.23,5432.60,39.27
807000,0,6381.10,35.37,5905.61,37.23,5431.60,39.27
808000,0,6380.26,35.38,5904.85,37.24,5430.46,39.28
809000,0,6378.58,35.38,5903.22,37.24,5428.75,39.28
810000,0,6376.27,35.39,5902.07,37.25,5426.07,39.30
811000,0,6374.93,35.40,5901.58,37.25,5424.17,39.30
812000,0,6372.21,35.41,5900.55,37.25,5421.86,39.31
813000,0,6368.50,35.42,5899.84,37.26,5419.06,39.33
814000,0,6366.94,35.43,5897.72,37.27,5416.32,39.34
815000,0,6368.42,35.42,5896.92,37.27,5414.51,39.35
816000,0,6366.65,35.43,5896.66,37.27,5413.98,39.35
817000,0,6365.42,35.43,5896.09,37.27,5412.45,39.36
818000,0,6362.27,35.44,5894.73,37.28,5412.55,39.36
819000,0,6359.82,35.45,5891.79,37.29,5409.71,39.37
820000,0,6356.81,35.46,5889.09,37.30,5405.06,39.39
821000,0,6354.44,35.47,5885.59,37.32,5400.38,39.41
822000,0,6352.78,35.48,5883.08,37.33,5396.72,39.43
823000,0,6350.85,35.49,5879.97,37.34,5393.58,39.44
824000,0,6349.76,35.49,5877.22,37.35,5392.26,39.45
825000,0,6346.35,35.50,5875.38,37.36,5390.40,39.46
826000,0,6343.25,35.51,5873.06,37.37,5388.42,39.47
827000,0,6339.16,35.53,5871.51,37.37,5386.77,39.47
828000,0,6336.52,35.54,5869.33,37.38,5385.71,39.48
829000,0,6334.45,35.55,5867.05,37.39,5384.98,39.48
830000,0,6334.75,35.55,5863.84,37.41,5381.60,39.50
831000,0,6334.73,35.55,5861.03,37.42,5378.54,39.51
832000,0,6333.35,35.55,5858.45,37.43,5374.88,39.53
833000,0,6331.80,35.56,5856.53,37.44,5372.40,39.54
834000,0,6330.79,35.56,5856.01,37.44,5370.82,39.55
835000,0,6328.59,35.57,5854.87,37.44,5369.59,39.55
836000,0,6326.66,35.58,5852.94,37.45,5367.11,39.56
837000,0,6324.09,35.59,5850.93,37.46,5364.43,39.58
838000,0,6320.38,35.60,5848.20,37.47,5361.45,39.59
839000,0,6316.90,35.61,5846.64,37.48,5359.14,39.60
840000,0,6314.54,35.62,5843.79,37.49,5357.43,39.61
841000,0,6312.29,35.63,5841.40,37.50,5355.76,39.62
842000,0,6310.48,35.64,5839.82,37.50,5354.31,39.62
843000,0,6309.20,35.64,5838.35,37.51,5352.15,39.63
844000,0,6307.27,35.65,5836.62,37.52,5349.73,39.64
845000,0,6305.16,35.66,5833.85,37.53,5348.35,39.65
846000,0,6302.13,35.67,5831.45,37.54,5346.67,39.66
847000,0,6300.76,35.68,5830.62,37.54,5345.12,39.66
848000,0,6300.55,35.68,5828.65,37.55,5343.52,39.67
849000,0,6299.60,35.68,5826.60,37.56,5342.00,39.68
850000,0,6297.63,35.69,5824.43,37.57,5339.53,39.69
851000,0,6295.06,35.70,5822.32,37.58,5337.46,39.70
852000,0,6291.73,35.71,5819.95,37.59,5335.68,39.71
853000,0,6289.37,35.72,5817.46,37.60,5334.53,39.71
854000,0,6286.73,35.73,5815.81,37.60,5333.44,39.72
855000,0,6284.22,35.74,5814.19,37.61,5332.70,39.72
856000,0,6282.00,35.75,5812.97,37.62,5331.85,39.73
857000,0,6279.24,35.76,5811.84,37.62,5332.08,39.72
858000,0,6276.86,35.77,5810.72,37.63,5331.43,39.73
859000,0,6273.93,35.78,5810.30,37.63,5330.57,39.73
860000,0,6270.36,35.79,5809.08,37.63,5329.64,39.74
861000,0,6266.66,35.81,5808.50,37.64,5328.92,39.74
862000,0,6265.35,35.81,5807.69,37.64,5329.09,39.74
863000,0,6264.01,35.82,5806.63,37.64,5330.92,39.73
864000,0,6264.63,35.81,5803.20,37.66,5330.56,39.73
865000,0,6261.59,35.82,5800.23,37.67,5327.03,39.75
866000,0,6260.72,35.83,5796.57,37.69,5324.08,39.76
867000,0,6258.06,35.84,5793.61,37.70,5318.47,39.79
868000,0,6254.06,35.85,5790.48,37.71,5314.05,39.81
869000,0,6249.75,35.87,5786.86,37.73,5309.05,39.83
870000,0,6245.18,35.89,5783.65,37.74,5304.89,39.85
871000,0,6241.07,35.90,5780.58,37.75,5301.55,39.87
872000,0,6238.80,35.91,5777.17,37.77,5297.96,39.88
873000,0,6236.82,35.92,5775.53,37.77,5293.76,39.90
874000,0,6235.95,35.92,5772.07,37.79,5290.25,39.92
875000,0,6233.46,35.93,5768.77,37.80,5287.41,39.93
876000,0,6230.26,35.95,5766.26,37.81,5283.15,39.95
877000,0,6225.72,35.96,5763.49,37.82,5279.47,39.97
878000,0,6223.04,35.97,5760.99,37.83,5275.27,39.99
879000,0,6220.55,35.98,5758.90,37.84,5272.71,40.00
880000,0,6217.97,35.99,5757.48,37.85,5270.58,40.01
881000,0,6215.62,36.00,5754.10,37.86,5267.40,40.02
882000,0,6213.84,36.01,5751.51,37.87,5265.63,40.03
883000,0,6210.38,36.02,5749.04,37.88,5264.98,40.04
884000,0,6206.80,36.04,5746.87,37.89,5264.01,40.04
885000,0,6203.32,36.05,5743.86,37.91,5263.23,40.04
886000,0,6200.58,36.06,5741.55,37.92,5261.04,40.05
887000,0,6198.82,36.07,5739.63,37.92,5258.95,40.06
888000,0,6196.06,36.08,5737.50,37.93,5256.43,40.08
889000,0,6194.26,36.08,5735.71,37.94,5254.10,40.09
890000,0,6192.70,36.09,5733.91,37.95,5252.83,40.09
891000,0,6189.97,36.10,5732.37,37.96,5251.44,40.10
892000,0,6188.50,36.11,5731.27,37.96,5249.09,40.11
893000,0,6187.30,36.11,5729.40,37.97,5247.57,40.12
894000,0,6185.22,36.12,5728.10,37.97,5246.79,40.12
895000,0,6182.66,36.13,5725.86,37.98,5245.70,40.13
896000,0,6179.85,36.14,5724.37,37.99,5243.84,40.13
897000,0,6177.27,36.15,5722.62,38.00,5242.45,40.14
898000,0,6175.53,36.16,5720.72,38.00,5241.39,40.15
899000,0,6175.12,36.16,5719.10,38.01,5239.66,40.15
900000,0,6175.56,36.16,5717.02,38.02,5238.55,40.16
901000,0,6174.64,36.16,5716.36,38.02,5237.85,40.16
902000,0,6173.43,36.17,5715.45,38.03,5236.68,40.17
903000,0,6170.85,36.18,5714.44,38.03,5235.92,40.17
904000,0,6168.70,36.18,5712.73,38.04,5234.06,40.18
905000,0,6166.99,36.19,5710.83,38.05,5232.63,40.19
906000,0,6165.89,36.19,5709.53,38.05,5230.01,40.20
907000,0,6164.39,36.20,5708.88,38.06,5227.89,40.21
908000,0,6163.52,36.20,5707.33,38.06,5225.52,40.22
909000,0,6161.27,36.21,5705.29,38.07,5221.55,40.24
910000,0,6159.18,36.22,5703.03,38.08,5218.03,40.26
911000,0,6157.44,36.23,5703.07,38.08,5216.21,40.26
912000,0,6156.66,36.23,5701.31,38.09,5215.34,40.27
913000,0,6155.51,36.23,5699.02,38.10,5213.39,40.28
914000,0,6154.92,36.24,5696.39,38.11,5211.36,40.29
915000,0,6152.57,36.25,5693.79,38.12,5209.19,40.30
916000,0,6149.73,36.26,5691.43,38.13,5205.78,40.31
917000,0,6145.80,36.27,5689.82,38.14,5202.68,40.33
918000,0,6143.83,36.28,5687.37,38.15,5200.31,40.34
919000,0,6140.93,36.29,5685.78,38.15,5197.24,40.35
920000,0,6137.79,36.30,5683.32,38.16,5193.84,40.37
921000,0,6135.61,36.31,5681.50,38.17,5190.36,40.39
922000,0,6132.88,36.32,5679.25,38.18,5188.09,40.40
923000,0,6130.05,36.33,5677.17,38.19,5185.88,40.41
924000,0,6127.60,36.34,5675.35,38.20,5185.18,40.41
925000,0,6126.48,36.35,5674.03,38.20,5184.46,40.42
926000,0,6124.54,36.36,5672.62,38.21,5182.95,40.42
927000,0,6123.25,36.36,5671.11,38.22,5181.91,40.43
928000,0,6121.84,36.37,5669.88,38.22,5180.72,40.43
929000,0,6121.32,36.37,5668.16,38.23,5179.40,40.44
930000,0,6120.03,36.37,5666.36,38.24,5177.92,40.45
931000,0,6118.10,36.38,5664.74,38.24,5176.53,40.45
932000,0,6118.13,36.38,5662.99,38.25,5175.73,40.46
933000,0,6117.37,36.38,5661.79,38.26,5175.00,40.46
934000,0,6117.53,36.38,5660.73,38.26,5173.42,40.47
935000,0,6118.10,36.38,5660.37,38.26,5172.25,40.47
936000,0,6117.00,36.39,5660.14,38.26,5172.00,40.47
937000,0,6115.66,36.39,5660.19,38.26,5172.42,40.47
938000,0,6114.39,36.40,5659.19,38.27,5172.42,40.47
939000,0,6113.26,36.40,5658.27,38.27,5172.27,40.47
940000,0,6111.22,36.41,5657.21,38.28,5172.38,40.47
941000,0,6108.88,36.42,5655.97,38.28,5171.99,40.47
942000,0,6106.99,36.43,5655.42,38.28,5171.54,40.48
943000,0,6105.49,36.43,5654.29,38.29,5170.05,40.48
944000,0,6103.92,36.44,5653.53,38.29,5168.24,40.49
945000,0,6101.92,36.45,5652.56,38.30,5165.95,40.50
946000,0,6100.67,36.45,5651.95,38.30,5165.27,40.51
947000,0,6100.41,36.45,5651.39,38.30,5163.34,40.52
948000,0,6098.78,36.46,5649.25,38.31,5161.85,40.52
949000,0,6097.59,36.46,5648.37,38.31,5162.26,40.52
950000,0,6096.66,36.47,5645.85,38.33,5161.79,40.52
951000,0,6095.36,36.47,5643.46,38.34,5159.91,40.53
952000,0,6093.54,36.48,5641.95,38.34,5156.67,40.55
953000,0,6091.00,36.49,5640.26,38.35,5153.39,40.56
954000,0,6087.87,36.50,5637.45,38.36,5150.20,40.58
955000,0,6082.42,36.52,5633.83,38.38,5146.67,40.60
956000,0,6082.26,36.52,5630.53,38.39,5143.25,40.61
957000,0,6080.73,36.53,5628.32,38.40,5141.54,40.62
958000,0,6078.49,36.54,5626.51,38.41,5140.87,40.62
959000,0,6075.78,36.55,5624.15,38.42,5138.66,40.63
960000,0,6072.64,36.56,5621.95,38.43,5136.97,40.64
961000,0,6069.75,36.57,5619.52,38.44,5135.19,40.65
962000,0,6066.25,36.59,5616.96,38.45,5132.66,40.66
963000,0,6063.59,36.60,5613.97,38.46,5131.15,40.67
964000,0,6060.17,36.61,5611.56,38.47,5129.53,40.68
965000,0,6056.51,36.62,5608.52,38.49,5127.31,40.69
966000,0,6054.74,36.63,5606.07,38.50,5124.91,40.70
967000,0,6052.43,36.64,5603.48,38.51,5123.71,40.71
968000,0,6050.40,36.65,5601.97,38.52,5122.70,40.71
969000,0,6049.05,36.65,5599.77,38.53,5121.46,40.72
970000,0,6046.46,36.66,5599.26,38.53,5119.93,40.72
971000,0,6044.01,36.67,5599.34,38.53,5119.42,40.73
972000,0,6042.44,36.68,5598.98,38.53,5118.82,40.73
973000,0,6041.23,36.69,5597.78,38.53,5118.22,40.73
974000,0,6040.99,36.69,5597.15,38.54,5117.19,40.74
975000,0,6040.47,36.69,5596.46,38.54,5115.06,40.75
976000,0,6038.63,36.70,5596.37,38.54,5115.63,40.75
977000,0,6037.57,36.70,5595.94,38.54,5116.48,40.74
978000,0,6036.29,36.71,5596.80,38.54,5114.89,40.75
979000,0,6035.59,36.71,5593.58,38.55,5112.81,40.76
980000,0,6034.08,36.71,5592.86,38.56,5113.15,40.76
981000,0,6031.04,36.73,5591.23,38.56,5112.35,40.76
982000,0,6027.81,36.74,5590.40,38.57,5109.97,40.77
983000,0,6024.61,36.75,5587.64,38.58,5106.00,40.79
984000,0,6020.66,36.77,5584.11,38.59,5102.53,40.81
985000,0,6018.59,36.78,5581.16,38.61,5099.14,40.83
986000,0,6016.01,36.79,5579.21,38.61,5095.92,40.84
987000,0,6014.05,36.79,5575.89,38.63,5093.28,40.85
988000,0,6012.25,36.80,5573.43,38.64,5090.44,40.87
989000,0,6009.64,36.81,5571.88,38.65,5087.82,40.88
990000,0,6008.69,36.82,5569.98,38.66,5085.37,40.89
991000,0,6008.62,36.82,5567.88,38.66,5084.08,40.90
992000,0,6006.40,36.83,5566.77,38.67,5083.91,40.90
993000,0,6004.93,36.83,5566.86,38.67,5084.04,40.90
994000,0,6002.51,36.84,5566.05,38.67,5083.61,40.90
995000,0,6001.41,36.85,5565.19,38.68,5082.52,40.91
996000,0,5998.65,36.86,5563.39,38.68,5080.04,40.92
997000,0,5995.10,36.87,5562.20,38.69,5078.28,40.93
998000,0,5992.42,36.88,5560.07,38.70,5076.88,40.93
999000,0,5989.59,36.89,5558.04,38.71,5073.91,40.95
1000000,0,5987.52,36.90,5555.89,38.72,5070.69,40.96
1001000,0,5984.05,36.92,5553.09,38.73,5068.18,40.98
1002000,0,5981.01,36.93,5550.34,38.74,5064.56,40.99
1003000,0,5978.66,36.94,5547.64,38.75,5061.70,41.01
1004000,0,5976.73,36.94,5544.81,38.77,5061.61,41.01
1005000,0,5974.94,36.95,5542.76,38.77,5061.61,41.01
1006000,0,5973.88,36.96,5540.09,38.79,5059.98,41.02
1007000,0,5972.93,36.96,5536.67,38.80,5057.24,41.03
1008000,0,5970.37,36.97,5533.44,38.82,5054.78,41.04
1009000,0,5966.22,36.99,5530.00,38.83,5051.64,41.06
1010000,0,5962.47,37.00,5526.22,38.85,5049.18,41.07
1011000,0,5959.27,37.02,5523.05,38.86,5047.13,41.08
1012000,0,5956.79,37.03,5520.14,38.87,5044.10,41.09
1013000,0,5954.29,37.04,5517.83,38.88,5040.57,41.11
1014000,0,5950.95,37.05,5514.97,38.90,5037.49,41.13
1015000,0,5947.80,37.06,5511.94,38.91,5033.06,41.15
1016000,0,5944.59,37.07,5510.30,38.92,5030.74,41.16
1017000,0,5942.15,37.08,5507.49,38.93,5027.93,41.17
1018000,0,5940.43,37.09,5505.61,38.94,5026.61,41.18
1019000,0,5939.81,37.09,5503.53,38.95,5028.94,41.17
1020000,0,5937.13,37.11,5501.07,38.96,5031.24,41.16
1021000,0,5935.00,37.11,5498.41,38.97,5030.96,41.16
1022000,0,5934.60,37.12,5496.48,38.98,5031.14,41.16
1023000,0,5934.96,37.11,5494.38,38.99,5029.38,41.17
1024000,0,5934.62,37.12,5492.67,39.00,5029.65,41.17
1025000,0,5931.81,37.13,5490.72,39.01,5028.83,41.17
1026000,0,5928.40,37.14,5489.34,39.01,5025.96,41.18
1027000,0,5927.01,37.15,5487.60,39.02,5023.60,41.20
1028000,0,5926.50,37.15,5485.98,39.03,5020.29,41.21
1029000,0,5926.20,37.15,5483.74,39.04,5018.11,41.22
1030000,0,5926.54,37.15,5481.23,39.05,5017.32,41.23
1031000,0,5924.38,37.16,5479.26,39.06,5015.36,41.24
1032000,0,5925.34,37.15,5477.81,39.06,5013.71,41.24
1033000,0,5924.08,37.16,5476.54,39.07,5013.94,41.24
1034000,0,5921.82,37.17,5475.95,39.07,5013.24,41.25
1035000,0,5920.37,37.17,5473.66,39.08,5011.34,41.26
1036000,0,5917.66,37.18,5472.15,39.09,5011.12,41.26
1037000,0,5915.42,37.19,5471.64,39.09,5010.44,41.26
1038000,0,5912.92,37.20,5470.15,39.10,5010.10,41.26
1039000,0,5910.74,37.21,5469.67,39.10,5009.55,41.26
1040000,0,5909.59,37.22,5469.29,39.10,5009.80,41.26
1041000,0,5909.07,37.22,5469.12,39.10,5009.52,41.26
1042000,0,5907.77,37.23,5469.85,39.10,5009.47,41.27
1043000,0,5906.46,37.23,5469.23,39.10,5009.26,41.27
1044000,0,5906.15,37.23,5469.15,39.10,5008.88,41.27
1045000,0,5905.10,37.24,5468.72,39.10,5007.45,41.28
1046000,0,5904.67,37.24,5468.39,39.11,5007.12,41.28
1047000,0,5903.39,37.24,5467.90,39.11,5005.89,41.28
1048000,0,5902.86,37.25,5467.46,39.11,5004.56,41.29
1049000,0,5903.19,37.24,5466.31,39.11,5003.19,41.30
1050000,0,5903.11,37.24,5465.60,39.12,5001.87,41.30
1051000,0,5903.02,37.24,5464.85,39.12,5000.74,41.31
1052000,0,5902.57,37.25,5463.99,39.12,4999.22,41.32
1053000,0,5901.69,37.25,5463.51,39.13,4997.75,41.32
1054000,0,5900.82,37.25,5461.63,39.14,4997.28,41.33
1055000,0,5899.34,37.26,5460.15,39.14,4996.43,41.33
1056000,0,5897.26,37.27,5458.71,39.15,4994.45,41.34
1057000,0,5895.99,37.27,5458.07,39.15,4992.83,41.35
1058000,0,5894.62,37.28,5457.08,39.16,4992.79,41.35
1059000,0,5893.82,37.28,5455.94,39.16,4992.37,41.35
1060000,0,5892.31,37.29,5455.08,39.16,4991.16,41.36
1061000,0,5890.07,37.30,5454.32,39.17,4988.64,41.37
1062000,0,5888.15,37.31,5454.76,39.17,4985.96,41.38
1063000,0,5886.68,37.31,5454.98,39.17,4984.29,41.39
1064000,0,5884.79,37.32,5453.43,39.17,4983.30,41.40
1065000,0,5883.40,37.33,5451.96,39.18,4981.51,41.40
1066000,0,5882.03,37.33,5448.77,39.19,4979.14,41.42
1067000,0,5879.99,37.34,5446.73,39.20,4977.68,41.42
1068000,0,5878.17,37.35,5444.89,39.21,4976.13,41.43
1069000,0,5877.83,37.35,5442.88,39.22,4974.76,41.44
1070000,0,5876.83,37.35,5441.33,39.23,4974.72,41.44
1071000,0,5875.52,37.36,5440.23,39.23,4975.42,41.43
1072000,0,5873.63,37.37,5439.52,39.23,4974.09,41.44
1073000,0,5870.89,37.38,5437.96,39.24,4971.23,41.46
1074000,0,5867.13,37.39,5436.41,39.25,4969.64,41.46
1075000,0,5863.49,37.41,5434.84,39.26,4969.15,41.47
1076000,0,5860.94,37.42,5431.49,39.27,4967.25,41.48
1077000,0,5858.65,37.43,5428.73,39.28,4965.43,41.48
1078000,0,5855.79,37.44,5426.19,39.29,4964.36,41.49
1079000,0,5853.65,37.45,5424.42,39.30,4963.64,41.49
1080000,0,5851.78,37.46,5422.62,39.31,4960.91,41.51
1081000,0,5850.52,37.46,5420.67,39.32,4958.87,41.52
1082000,0,5850.98,37.46,5421.85,39.31,4958.19,41.52
1083000,0,5855.81,37.44,5420.96,39.32,4955.55,41.53
1084000,0,5858.13,37.43,5421.12,39.32,4957.30,41.53
1085000,0,5857.27,37.43,5422.01,39.31,4956.88,41.53
1086000,0,5854.43,37.44,5421.78,39.31,4955.02,41.54
1087000,0,5851.27,37.46,5420.47,39.32,4952.71,41.55
1088000,0,5849.90,37.46,5419.16,39.33,4949.27,41.57
1089000,0,5847.76,37.47,5418.95,39.33,4947.71,41.57
1090000,0,5846.72,37.48,5417.86,39.33,4945.85,41.58
1091000,0,5844.63,37.49,5416.48,39.34,4943.64,41.59
1092000,0,5842.23,37.50,5415.85,39.34,4942.27,41.60
1093000,0,5840.10,37.50,5414.84,39.35,4941.42,41.60
1094000,0,5839.44,37.51,5414.80,39.35,4940.89,41.61
1095000,0,5838.23,37.51,5414.26,39.35,4940.94,41.61
1096000,0,5836.50,37.52,5413.19,39.35,4941.22,41.61
1097000,0,5835.63,37.52,5412.61,39.36,4941.58,41.60
1098000,0,5834.31,37.53,5411.58,39.36,4941.94,41.60
1099000,0,5832.92,37.53,5410.94,39.36,4941.23,41.61
1100000,0,5831.59,37.54,5410.08,39.37,4939.85,41.61
1101000,0,5830.71,37.54,5409.07,39.37,4939.60,41.61
1102000,0,5833.74,37.53,5408.56,39.37,4938.94,41.62
1103000,0,5835.99,37.52,5407.84,39.38,4939.20,41.62
1104000,0,5837.14,37.52,5408.93,39.37,4940.24,41.61
1105000,0,5838.73,37.51,5410.90,39.36,4942.48,41.60
1106000,0,5839.64,37.51,5412.82,39.36,4944.50,41.59
1107000,0,5840.19,37.50,5414.27,39.35,4946.17,41.58
1108000,0,5840.01,37.50,5414.29,39.35,4947.67,41.57
1109000,0,5839.99,37.50,5414.22,39.35,4948.24,41.57
1110000,0,5840.62,37.50,5413.72,39.35,4947.37,41.57
1111000,0,5841.28,37.50,5413.46,39.35,4948.12,41.57
1112000,0,5841.09,37.50,5413.42,39.35,4947.77,41.57
1113000,0,5840.48,37.50,5412.58,39.36,4944.86,41.59
1114000,0,5840.25,37.50,5411.69,39.36,4941.83,41.60
1115000,0,5840.46,37.50,5408.74,39.37,4940.02,41.61
1116000,0,5839.87,37.50,5406.11,39.39,4937.27,41.63
1117000,0,5837.57,37.51,5404.46,39.39,4936.79,41.63
1118000,0,5834.34,37.53,5402.93,39.40,4935.33,41.64
1119000,0,5832.23,37.54,5401.25,39.41,4934.05,41.64
1120000,0,5829.98,37.55,5400.00,39.41,4933.20,41.65
1121000,0,5827.75,37.56,5398.68,39.42,4932.42,41.65
1122000,0,5826.16,37.56,5398.96,39.42,4931.51,41.65
1123000,0,5824.29,37.57,5399.45,39.42,4932.04,41.65
1124000,0,5825.58,37.56,5400.63,39.41,4933.28,41.65
1125000,0,5826.19,37.56,5402.09,39.40,4934.48,41.64
1126000,0,5827.01,37.56,5403.09,39.40,4933.86,41.64
1127000,0,5825.71,37.56,5404.10,39.39,4933.92,41.64
1128000,0,5822.89,37.58,5403.00,39.40,4932.99,41.65
1129000,0,5820.52,37.59,5401.81,39.41,4931.93,41.65
1130000,0,5818.87,37.59,5401.48,39.41,4931.88,41.65
1131000,0,5818.33,37.59,5400.44,39.41,4931.98,41.65
1132000,0,5819.65,37.59,5400.35,39.41,4930.20,41.66
1133000,0,5821.63,37.58,5399.25,39.42,4930.22,41.66
1134000,0,5822.44,37.58,5398.12,39.42,4933.37,41.65
1135000,0,5823.38,37.57,5399.10,39.42,4935.44,41.63
1136000,0,5822.76,37.58,5401.87,39.40,4938.87,41.62
1137000,0,5820.88,37.58,5404.95,39.39,4942.39,41.60
1138000,0,5819.71,37.59,5406.24,39.39,4945.21,41.59
1139000,0,5818.35,37.59,5406.87,39.38,4947.83,41.57
1140000,0,5816.48,37.60,5404.84,39.39,4945.72,41.58
1141000,0,5814.58,37.61,5400.94,39.41,4943.34,41.60
1142000,0,5812.84,37.62,5398.51,39.42,4943.74,41.59
1143000,0,5812.81,37.62,5397.01,39.43,4943.83,41.59
1144000,0,5811.42,37.62,5396.49,39.43,4943.56,41.59
1145000,0,5809.30,37.63,5395.91,39.43,4941.54,41.60
1146000,0,5808.12,37.64,5394.14,39.44,4940.10,41.61
1147000,0,5804.75,37.65,5391.73,39.45,4935.82,41.63
1148000,0,5800.91,37.67,5388.94,39.46,4932.27,41.65
1149000,0,5798.37,37.68,5385.81,39.48,4930.60,41.66
1150000,0,5796.39,37.69,5382.13,39.49,4931.75,41.65
1151000,0,5795.96,37.69,5378.43,39.51,4932.18,41.65
1152000,0,5795.47,37.69,5376.86,39.52,4933.15,41.65
1153000,0,5795.94,37.69,5378.45,39.51,4936.78,41.63
1154000,0,5798.65,37.68,5385.83,39.48,4941.71,41.60
1155000,0,5802.79,37.66,5394.50,39.44,4948.66,41.57
1156000,0,5809.11,37.63,5403.81,39.40,4956.53,41.53
1157000,0,5812.55,37.62,5410.07,39.37,4961.18,41.51
1158000,0,5814.21,37.61,5413.20,39.35,4963.61,41.49
1159000,0,5817.02,37.60,5414.81,39.35,4966.97,41.48
1160000,0,5818.12,37.60,5417.16,39.34,4968.14,41.47
1161000,0,5815.35,37.61,5416.16,39.34,4966.55,41.48
1162000,0,5810.55,37.63,5412.82,39.36,4963.86,41.49
1163000,0,5805.64,37.65,5405.33,39.39,4956.48,41.53
1164000,0,5801.02,37.67,5397.74,39.42,4947.15,41.58
1165000,0,5796.14,37.69,5390.44,39.46,4939.28,41.62
1166000,0,5791.70,37.71,5383.53,39.49,4932.60,41.65
1167000,0,5788.61,37.72,5377.47,39.52,4927.33,41.68
1168000,0,5787.18,37.72,5372.16,39.54,4922.80,41.70
1169000,0,5785.87,37.73,5367.80,39.56,4919.91,41.71
1170000,0,5785.17,37.73,5363.49,39.58,4918.09,41.72
1171000,0,5785.76,37.73,5360.57,39.59,4918.90,41.72
1172000,0,5784.35,37.74,5359.68,39.60,4916.70,41.73
1173000,0,5782.45,37.74,5357.79,39.61,4912.96,41.75
1174000,0,5779.76,37.76,5356.26,39.61,4909.64,41.77
1175000,0,5778.24,37.76,5354.87,39.62,4905.82,41.78
1176000,0,5779.89,37.76,5352.22,39.63,4903.46,41.80
1177000,0,5779.57,37.76,5350.14,39.64,4901.39,41.81
1178000,0,5776.41,37.77,5348.77,39.65,4898.27,41.82
1179000,0,5773.04,37.78,5347.37,39.65,4896.79,41.83
1180000,0,5770.17,37.80,5346.48,39.66,4894.53,41.84
1181000,0,5767.79,37.81,5345.61,39.66,4892.96,41.85
1182000,0,5765.53,37.82,5344.41,39.67,4890.60,41.86
1183000,0,5763.27,37.82,5343.57,39.67,4889.52,41.87
1184000,0,5761.90,37.83,5341.67,39.68,4888.93,41.87
1185000,0,5760.75,37.84,5339.94,39.69,4888.61,41.87
1186000,0,5760.39,37.84,5339.28,39.69,4890.20,41.86
1187000,0,5759.49,37.84,5337.99,39.70,4891.84,41.86
1188000,0,5758.35,37.85,5335.71,39.71,4892.31,41.85
1189000,0,5756.23,37.85,5334.43,39.71,4891.75,41.86
1190000,0,5754.11,37.86,5332.88,39.72,4891.13,41.86
1191000,0,5752.40,37.87,5332.02,39.72,4891.04,41.86
1192000,0,5753.99,37.86,5331.78,39.73,4891.70,41.86
1193000,0,5754.52,37.86,5331.62,39.73,4890.70,41.86
1194000,0,5755.17,37.86,5330.17,39.73,4889.54,41.87
1195000,0,5753.99,37.86,5328.53,39.74,4888.16,41.87
1196000,0,5751.43,37.87,5327.52,39.75,4887.41,41.88
1197000,0,5749.33,37.88,5327.86,39.74,4887.06,41.88
1198000,0,5748.42,37.89,5330.07,39.73,4889.51,41.87
1199000,0,5748.21,37.89,5331.17,39.73,4892.57,41.85
1200000,0,5749.57,37.88,5333.00,39.72,4894.76,41.84
1201000,0,5751.52,37.87,5335.75,39.71,4896.99,41.83
1202000,0,5752.38,37.87,5338.75,39.69,4900.75,41.81
1203000,0,5752.26,37.87,5341.11,39.68,4904.15,41.79
1204000,0,5750.54,37.88,5340.19,39.69,4905.07,41.79
1205000,0,5748.10,37.89,5336.37,39.70,4900.23,41.81
1206000,0,5744.68,37.90,5332.24,39.72,4893.08,41.85
1207000,0,5742.00,37.91,5329.14,39.74,4884.87,41.89
1208000,0,5738.21,37.93,5326.50,39.75,4877.83,41.93
1209000,0,5736.81,37.94,5324.22,39.76,4874.41,41.94
1210000,0,5736.80,37.94,5321.71,39.77,4870.65,41.96
1211000,0,5737.10,37.94,5319.46,39.78,4868.02,41.98
1212000,0,5737.63,37.93,5317.56,39.79,4865.37,41.99
1213000,0,5735.73,37.94,5315.71,39.80,4864.00,42.00
1214000,0,5732.45,37.96,5313.48,39.81,4862.53,42.01
1215000,0,5728.96,37.97,5311.64,39.82,4861.24,42.01
1216000,0,5726.33,37.98,5309.81,39.83,4859.16,42.02
1217000,0,5724.97,37.99,5308.73,39.83,4858.29,42.03
1218000,0,5724.20,37.99,5308.07,39.84,4858.48,42.03
1219000,0,5722.45,38.00,5305.89,39.85,4856.80,42.03
1220000,0,5721.02,38.00,5303.75,39.86,4854.23,42.05
1221000,0,5719.86,38.01,5300.98,39.87,4852.91,42.05
1222000,0,5718.98,38.01,5298.92,39.88,4850.69,42.07
1223000,0,5717.64,38.02,5297.80,39.88,4848.91,42.08
1224000,0,5716.43,38.02,5296.58,39.89,4847.70,42.08
1225000,0,5713.87,38.03,5295.53,39.89,4846.53,42.09
1226000,0,5712.62,38.04,5294.55,39.90,4846.30,42.09
1227000,0,5713.57,38.04,5293.35,39.90,4845.21,42.09
1228000,0,5715.39,38.03,5292.01,39.91,4845.01,42.10
1229000,0,5716.54,38.02,5291.11,39.91,4845.56,42.09
1230000,0,5716.37,38.02,5289.75,39.92,4847.54,42.08
1231000,0,5716.68,38.02,5288.75,39.92,4849.10,42.07
1232000,0,5716.46,38.02,5287.18,39.93,4850.80,42.07
1233000,0,5715.39,38.03,5287.34,39.93,4849.67,42.07
1234000,0,5715.09,38.03,5287.30,39.93,4847.15,42.08
1235000,0,5714.82,38.03,5287.70,39.93,4844.46,42.10
1236000,0,5714.58,38.03,5287.67,39.93,4842.97,42.11
1237000,0,5712.97,38.04,5288.68,39.93,4842.50,42.11
1238000,0,5710.99,38.05,5289.04,39.92,4842.36,42.11
1239000,0,5708.51,38.06,5288.87,39.92,4843.01,42.11
1240000,0,5707.97,38.06,5288.92,39.92,4844.46,42.10
1241000,0,5707.12,38.06,5288.75,39.92,4844.76,42.10
1242000,0,5707.08,38.06,5290.28,39.92,4844.10,42.10
1243000,0,5707.45,38.06,5291.71,39.91,4843.95,42.10
1244000,0,5707.27,38.06,5291.48,39.91,4843.65,42.10
1245000,0,5708.85,38.06,5291.55,39.91,4843.96,42.10
1246000,0,5709.82,38.05,5291.52,39.91,4845.16,42.09
1247000,0,5709.71,38.05,5292.12,39.91,4845.85,42.09
1248000,0,5712.76,38.04,5292.99,39.90,4845.78,42.09
1249000,0,5713.28,38.04,5295.05,39.90,4845.78,42.09
1250000,0,5712.08,38.04,5295.48,39.89,4845.64,42.09
1251000,0,5711.75,38.04,5295.15,39.89,4846.14,42.09
1252000,0,5710.98,38.05,5296.42,39.89,4847.60,42.08
1253000,0,5710.01,38.05,5296.88,39.89,4847.08,42.08
1254000,0,5709.56,38.05,5296.10,39.89,4846.65,42.09
1255000,0,5709.65,38.05,5295.42,39.89,4845.35,42.09
1256000,0,5709.44,38.05,5294.86,39.90,4844.68,42.10
1257000,0,5707.30,38.06,5294.32,39.90,4843.20,42.10
1258000,0,5706.57,38.07,5293.16,39.90,4841.53,42.11
1259000,0,5706.05,38.07,5292.72,39.91,4840.78,42.12
1260000,0,5704.56,38.07,5291.68,39.91,4839.78,42.12
1261000,0,5703.96,38.08,5291.66,39.91,4840.28,42.12
1262000,0,5703.99,38.08,5292.89,39.91,4840.95,42.12
1263000,0,5705.87,38.07,5294.55,39.90,4841.52,42.11
1264000,0,5708.16,38.06,5296.19,39.89,4842.39,42.11
1265000,0,5708.85,38.06,5297.33,39.88,4842.09,42.11
1266000,0,5709.92,38.05,5298.15,39.88,4841.80,42.11
1267000,0,5709.92,38.05,5297.78,39.88,4841.05,42.12
1268000,0,5710.89,38.05,5297.36,39.88,4840.45,42.12
1269000,0,5710.63,38.05,5297.12,39.89,4840.43,42.12
1270000,0,5710.27,38.05,5297.06,39.89,4839.06,42.13
1271000,0,5709.10,38.05,5295.73,39.89,4837.95,42.13
1272000,0,5708.33,38.06,5295.69,39.89,4838.17,42.13
1273000,0,5707.08,38.06,5295.09,39.90,4838.68,42.13
1274000,0,5706.42,38.07,5294.31,39.90,4839.43,42.12
1275000,0,5705.21,38.07,5293.03,39.90,4839.90,42.12
1276000,0,5703.81,38.08,5291.25,39.91,4840.00,42.12
1277000,0,5701.78,38.09,5290.21,39.92,4839.96,42.12
1278000,0,5700.45,38.09,5289.27,39.92,4839.92,42.12
1279000,0,5699.85,38.09,5288.72,39.92,4839.45,42.12
1280000,0,5699.66,38.09,5287.68,39.93,4839.26,42.13
1281000,0,5699.13,38.10,5286.81,39.93,4839.03,42.13
1282000,0,5699.87,38.09,5285.90,39.94,4837.99,42.13
1283000,0,5700.30,38.09,5284.96,39.94,4837.89,42.13
1284000,0,5699.94,38.09,5283.73,39.95,4837.39,42.13
1285000,0,5699.42,38.10,5282.62,39.95,4837.12,42.14
1286000,0,5699.04,38.10,5281.69,39.96,4837.85,42.13
1287000,0,5696.81,38.11,5280.20,39.96,4838.29,42.13
1288000,0,5695.19,38.11,5279.11,39.97,4838.50,42.13
1289000,0,5693.31,38.12,5277.32,39.98,4836.82,42.14
1290000,0,5692.53,38.13,5275.40,39.99,4835.00,42.15
1291000,0,5692.06,38.13,5274.19,39.99,4833.10,42.16
1292000,0,5692.29,38.13,5275.84,39.98,4834.37,42.15
1293000,0,5693.16,38.12,5275.99,39.98,4835.86,42.14
1294000,0,5693.34,38.12,5277.78,39.98,4836.05,42.14
1295000,0,5691.96,38.13,5277.98,39.97,4833.71,42.15
1296000,0,5691.58,38.13,5278.70,39.97,4831.79,42.16
1297000,0,5689.25,38.14,5277.48,39.98,4827.64,42.19
1298000,0,5687.21,38.15,5275.07,39.99,4824.34,42.20
1299000,0,5685.90,38.15,5273.12,40.00,4822.29,42.21
1300000,0,5684.45,38.16,5271.67,40.00,4821.23,42.22
1301000,0,5683.41,38.16,5270.85,40.01,4820.38,42.22
1302000,0,5683.60,38.16,5269.66,40.01,4819.79,42.23
1303000,0,5686.73,38.15,5269.46,40.01,4821.12,42.22
1304000,0,5689.85,38.14,5269.97,40.01,4824.45,42.20
1305000,0,5692.89,38.12,5273.73,39.99,4829.14,42.18
1306000,0,5694.05,38.12,5274.53,39.99,4834.70,42.15
1307000,0,5695.37,38.11,5274.85,39.99,4838.33,42.13
1308000,0,5694.92,38.11,5277.25,39.98,4840.41,42.12
1309000,0,5693.72,38.12,5280.73,39.96,4840.05,42.12
1310000,0,5693.55,38.12,5282.76,39.95,4839.27,42.13
1311000,0,5693.67,38.12,5282.11,39.96,4838.11,42.13
1312000,0,5692.03,38.13,5278.60,39.97,4836.31,42.14
1313000,0,5689.93,38.14,5274.48,39.99,4834.62,42.15
1314000,0,5688.79,38.14,5273.97,39.99,4834.08,42.15
1315000,0,5687.40,38.15,5274.24,39.99,4834.61,42.15
1316000,0,5686.56,38.15,5274.67,39.99,4834.81,42.15
1317000,0,5684.21,38.16,5274.70,39.99,4833.13,42.16
1318000,0,5683.70,38.16,5273.80,39.99,4830.06,42.17
1319000,0,5683.35,38.16,5271.89,40.00,4825.77,42.19
1320000,0,5682.46,38.17,5269.32,40.02,4821.66,42.22
1321000,0,5681.34,38.17,5266.67,40.03,4817.11,42.24
1322000,0,5679.67,38.18,5263.81,40.04,4813.51,42.26
1323000,0,5677.23,38.19,5260.73,40.06,4810.33,42.27
1324000,0,5676.96,38.19,5259.16,40.06,4808.45,42.28
1325000,0,5675.58,38.20,5257.23,40.07,4807.73,42.29
1326000,0,5674.57,38.20,5255.31,40.08,4804.66,42.30
1327000,0,5671.86,38.21,5253.20,40.09,4801.68,42.32
1328000,0,5668.43,38.23,5251.48,40.10,4800.98,42.32
1329000,0,5666.13,38.24,5250.10,40.11,4800.05,42.33
1